// Jest Snapshot v1, https://goo.gl/fbAQLP

exports[`Test ReportCreateMessage Snapshot 1`] = `
<RNCSafeAreaView
  edges={
    Array [
      "bottom",
      "left",
      "right",
      "top",
    ]
  }
  style={
    Object {
      "backgroundColor": "#fff",
      "flex": 1,
    }
  }
>
  <View
    style={
      Object {
        "paddingTop": 5,
      }
    }
  >
    <View
      style={
        Object {
          "backgroundColor": "#fff",
        }
      }
    >
      <View
        style={
          Object {
            "alignItems": "center",
            "flexDirection": "row",
            "justifyContent": "space-between",
            "paddingBottom": 20,
          }
        }
      >
        <View
          style={
            Array [
              Object {
                "overflow": "hidden",
              },
              Object {
                "borderRadius": 2,
              },
              undefined,
              false,
            ]
          }
          testID="RNE_BUTTON_WRAPPER"
        >
          <View
            accessibilityRole="button"
            accessibilityState={
              Object {
                "busy": false,
                "disabled": false,
              }
            }
            accessible={true}
            collapsable={false}
            focusable={true}
            onClick={[Function]}
            onResponderGrant={[Function]}
            onResponderMove={[Function]}
            onResponderRelease={[Function]}
            onResponderTerminate={[Function]}
            onResponderTerminationRequest={[Function]}
            onStartShouldSetResponder={[Function]}
            style={
              Object {
                "opacity": 1,
              }
            }
          >
            <View
              style={
                Object {
                  "alignItems": "center",
                  "backgroundColor": "transparent",
                  "borderColor": "#2089dc",
                  "borderRadius": 2,
                  "borderWidth": 0,
                  "flexDirection": "row",
                  "justifyContent": "center",
                  "marginVertical": 0,
                  "padding": 8,
                  "paddingHorizontal": 10,
                }
              }
            >
              <Text />
              <Text
                style={
                  Object {
                    "color": "#1a1a1a",
                    "fontSize": 17,
                    "marginHorizontal": 5,
                    "paddingVertical": 1,
                    "textAlign": "center",
                  }
                }
              >
                Back
              </Text>
            </View>
          </View>
        </View>
      </View>
    </View>
  </View>
  <View
    onLayout={[Function]}
    style={
      Array [
        Object {
          "backgroundColor": "#fff",
          "flex": 1,
          "justifyContent": "space-between",
        },
        Object {
          "paddingBottom": 0,
        },
      ]
    }
  >
    <RCTScrollView
      style={
        Object {
          "flex": 1,
        }
      }
    >
      <View>
        <Text
          style={
            Array [
              Object {
                "fontFamily": "SourceSansPro_400Regular",
              },
              Object {
                "fontSize": 17,
                "lineHeight": 20,
                "paddingHorizontal": 15,
              },
            ]
          }
        >
          You want to report this content? Your message will be sent to the moderation. The moderation will look at the reported content. The content will be deleted if it does not meet our discussion rules (netiquette).
        </Text>
        <View
          style={
            Object {
              "paddingHorizontal": 15,
            }
          }
        >
          <Text
            style={
              Array [
                Object {
                  "fontFamily": "SourceSansPro_400Regular",
                },
                Object {
                  "fontSize": 15,
                  "lineHeight": 19,
                  "paddingBottom": 5,
                  "paddingTop": 10,
                  "width": "100%",
                },
              ]
            }
          />
          <TextInput
            accessible={true}
            multiline={true}
            name="message"
            numberOfLines={10}
            onBlur={[Function]}
            onChangeText={[Function]}
            placeholder="Add message"
            returnKeyLabel="next"
            returnKeyType="next"
            style={
              Object {
                "alignContent": "flex-start",
                "fontSize": 17,
                "justifyContent": "flex-start",
                "textAlignVertical": "top",
              }
            }
            value=""
          />
        </View>
      </View>
    </RCTScrollView>
    <View
      style={
        Array [
          Object {
            "overflow": "hidden",
          },
          Object {
            "borderRadius": 2,
          },
          undefined,
          false,
        ]
      }
      testID="RNE_BUTTON_WRAPPER"
    >
      <View
        accessibilityLabel="Submit"
        accessibilityRole="button"
        accessibilityState={
          Object {
            "busy": false,
            "disabled": false,
          }
        }
        accessible={true}
        collapsable={false}
        focusable={true}
        onClick={[Function]}
        onResponderGrant={[Function]}
        onResponderMove={[Function]}
        onResponderRelease={[Function]}
        onResponderTerminate={[Function]}
        onResponderTerminationRequest={[Function]}
        onStartShouldSetResponder={[Function]}
        style={
          Object {
            "opacity": 1,
          }
        }
      >
        <View
          style={
            Object {
              "alignItems": "center",
              "backgroundColor": "#2d40cc",
              "borderColor": "#2089dc",
              "borderRadius": 0,
              "borderWidth": 0,
              "flexDirection": "row",
              "fontSize": 16,
              "height": 70,
              "justifyContent": "center",
              "padding": 8,
              "paddingHorizontal": 10,
              "width": "100%",
            }
          }
        >
          <Text
            style={
              Object {
                "color": "white",
                "fontSize": 18,
                "paddingVertical": 1,
                "textAlign": "center",
              }
            }
          >
            Submit
          </Text>
        </View>
      </View>
    </View>
  </View>
</RNCSafeAreaView>
`;
