// Jest Snapshot v1, https://goo.gl/fbAQLP

exports[`Test SettingsOverview Snapshot no user image 1`] = `
<RNCSafeAreaView
  edges={
    Array [
      "bottom",
      "left",
      "right",
      "top",
    ]
  }
  style={
    Object {
      "flex": 1,
      "justifyContent": "space-between",
    }
  }
>
  <View
    style={Object {}}
  >
    <View
      style={
        Object {
          "alignItems": "center",
          "flexDirection": "row",
          "justifyContent": "space-between",
          "paddingBottom": 20,
        }
      }
    >
      <View
        style={
          Array [
            Object {
              "overflow": "hidden",
            },
            Object {
              "borderRadius": 2,
            },
            undefined,
            false,
          ]
        }
        testID="RNE_BUTTON_WRAPPER"
      >
        <View
          accessibilityRole="button"
          accessibilityState={
            Object {
              "busy": false,
              "disabled": false,
            }
          }
          accessible={true}
          collapsable={false}
          focusable={true}
          onClick={[Function]}
          onResponderGrant={[Function]}
          onResponderMove={[Function]}
          onResponderRelease={[Function]}
          onResponderTerminate={[Function]}
          onResponderTerminationRequest={[Function]}
          onStartShouldSetResponder={[Function]}
          style={
            Object {
              "opacity": 1,
            }
          }
        >
          <View
            style={
              Object {
                "alignItems": "center",
                "backgroundColor": "transparent",
                "borderColor": "#2089dc",
                "borderRadius": 2,
                "borderWidth": 0,
                "flexDirection": "row",
                "justifyContent": "center",
                "marginVertical": 0,
                "padding": 8,
                "paddingHorizontal": 10,
              }
            }
          >
            <Text
              allowFontScaling={false}
              selectable={false}
              style={
                Array [
                  Object {
                    "color": undefined,
                    "fontSize": 22,
                  },
                  undefined,
                  Object {
                    "fontFamily": "simple-line-icons",
                    "fontStyle": "normal",
                    "fontWeight": "normal",
                  },
                  Object {},
                ]
              }
            >
              î˜…
            </Text>
            <Text
              style={
                Object {
                  "color": "#1a1a1a",
                  "fontSize": 19.125,
                  "marginHorizontal": 5,
                  "paddingVertical": 1,
                  "textAlign": "center",
                }
              }
            >
              Back
            </Text>
          </View>
        </View>
      </View>
    </View>
  </View>
  <View
    onLayout={[Function]}
    style={
      Array [
        Object {
          "backgroundColor": "#fff",
          "flex": 1,
          "justifyContent": "space-between",
        },
        Object {
          "paddingBottom": 0,
        },
      ]
    }
  >
    <RCTScrollView
      style={
        Object {
          "flex": 1,
        }
      }
    >
      <View>
        <View>
          <Text
            style={
              Array [
                Object {
                  "fontFamily": "SourceSansPro_400Regular",
                  "fontSize": 18,
                },
                Object {
                  "backgroundColor": "#f2f2f2",
                  "borderBottomColor": "#d8d8d8",
                  "borderBottomWidth": 1,
                  "borderRadius": 0,
                  "fontFamily": "SourceSansPro_600SemiBold",
                  "fontSize": 19.125,
                  "paddingLeft": 15,
                  "paddingVertical": 15,
                },
              ]
            }
          >
            Edit Profile
          </Text>
          <View
            style={
              Object {
                "alignItems": "center",
                "backgroundColor": "#fff",
                "borderBottomColor": "#d8d8d8",
                "borderBottomWidth": 1,
                "color": "#1a1a1a",
                "flexDirection": "row",
                "flexWrap": "wrap",
                "padding": 15,
                "width": "100%",
              }
            }
          >
            <View
              accessibilityHint="Click to navigate to change or add your profile image"
              accessibilityLabel="Change profile picture"
              accessibilityRole="button"
              accessible={true}
              collapsable={false}
              focusable={true}
              onClick={[Function]}
              onResponderGrant={[Function]}
              onResponderMove={[Function]}
              onResponderRelease={[Function]}
              onResponderTerminate={[Function]}
              onResponderTerminationRequest={[Function]}
              onStartShouldSetResponder={[Function]}
              style={
                Object {
                  "alignItems": "center",
                  "backgroundColor": "#fff",
                  "display": "flex",
                  "flexDirection": "row",
                  "opacity": 1,
                }
              }
            >
              <Image
                accessibilityIgnoresInvertColors={true}
                source={
                  Object {
                    "uri": undefined,
                  }
                }
                style={
                  Array [
                    Object {
                      "backgroundColor": "#2d40cc",
                      "borderRadius": 100,
                      "height": 40,
                      "width": 40,
                    },
                    Object {
                      "marginRight": 20,
                    },
                  ]
                }
              />
              <Text
                style={
                  Object {
                    "fontFamily": "SourceSansPro_400Regular",
                    "fontSize": 18,
                  }
                }
              >
                Add profile picture
              </Text>
            </View>
          </View>
          <View
            style={
              Object {
                "backgroundColor": "#fff",
                "borderBottomColor": "#d8d8d8",
                "borderBottomWidth": 1,
                "paddingHorizontal": 15,
              }
            }
          >
            <Text
              style={
                Array [
                  Object {
                    "fontFamily": "SourceSansPro_400Regular",
                    "fontSize": 18,
                  },
                  Object {
                    "fontSize": 16.875,
                    "lineHeight": 20.9,
                    "paddingBottom": 5,
                    "paddingTop": 30,
                    "width": "100%",
                  },
                ]
              }
            >
              Username
            </Text>
            <TextInput
              accessibilityLabel="Username"
              accessible={true}
              field="Username"
              onBlur={[Function]}
              onChangeText={[Function]}
              placeholder="test-user"
              returnKeyLabel="next"
              returnKeyType="next"
              style={
                Object {
                  "borderBottomColor": "#d8d8d8",
                  "borderBottomWidth": 1,
                  "fontSize": 19.125,
                  "height": 40,
                }
              }
              textInputContainer={
                Object {
                  "backgroundColor": "#fff",
                  "borderBottomColor": "#d8d8d8",
                  "borderBottomWidth": 1,
                  "paddingHorizontal": 15,
                }
              }
              username="username"
              value="test-user"
            />
          </View>
        </View>
      </View>
    </RCTScrollView>
    <View
      style={
        Array [
          Object {
            "overflow": "hidden",
          },
          Object {
            "borderRadius": 2,
          },
          undefined,
          false,
        ]
      }
      testID="RNE_BUTTON_WRAPPER"
    >
      <View
        accessibilityLabel="Save"
        accessibilityRole="button"
        accessibilityState={
          Object {
            "busy": false,
            "disabled": false,
          }
        }
        accessible={true}
        collapsable={false}
        focusable={true}
        onClick={[Function]}
        onResponderGrant={[Function]}
        onResponderMove={[Function]}
        onResponderRelease={[Function]}
        onResponderTerminate={[Function]}
        onResponderTerminationRequest={[Function]}
        onStartShouldSetResponder={[Function]}
        style={
          Object {
            "opacity": 1,
          }
        }
      >
        <View
          style={
            Object {
              "alignItems": "center",
              "backgroundColor": "#2d40cc",
              "borderColor": "#2089dc",
              "borderRadius": 0,
              "borderWidth": 0,
              "flexDirection": "row",
              "fontSize": 18,
              "height": 113.39000000000001,
              "justifyContent": "center",
              "padding": 8,
              "paddingHorizontal": 10,
              "width": "100%",
            }
          }
        >
          <Text
            style={
              Object {
                "color": "white",
                "fontSize": 18,
                "paddingVertical": 1,
                "textAlign": "center",
              }
            }
          >
            Save
          </Text>
        </View>
      </View>
    </View>
  </View>
</RNCSafeAreaView>
`;
