// Jest Snapshot v1, https://goo.gl/fbAQLP

exports[`Test ButtonAvatar Snapshot 1`] = `
<View
  accessibilityRole="button"
  accessible={true}
  collapsable={false}
  focusable={false}
  onClick={[Function]}
  onResponderGrant={[Function]}
  onResponderMove={[Function]}
  onResponderRelease={[Function]}
  onResponderTerminate={[Function]}
  onResponderTerminationRequest={[Function]}
  onStartShouldSetResponder={[Function]}
  style={
    Object {
      "alignItems": "center",
      "backgroundColor": "#fff",
      "display": "flex",
      "flexDirection": "row",
      "opacity": 1,
    }
  }
>
  <Image
    accessibilityIgnoresInvertColors={true}
    style={
      Array [
        Object {
          "backgroundColor": "#2d40cc",
          "borderRadius": 100,
          "height": 40,
          "width": 40,
        },
        undefined,
      ]
    }
  />
</View>
`;
