// Jest Snapshot v1, https://goo.gl/fbAQLP

exports[`Test ButtonSubmit 1`] = `
<View
  style={
    Array [
      Object {
        "overflow": "hidden",
      },
      Object {
        "borderRadius": 2,
      },
      undefined,
      false,
    ]
  }
  testID="RNE_BUTTON_WRAPPER"
>
  <View
    accessibilityLabel="TestTitle"
    accessibilityRole="button"
    accessibilityState={
      Object {
        "busy": false,
        "disabled": false,
      }
    }
    accessible={true}
    collapsable={false}
    focusable={true}
    onClick={[Function]}
    onResponderGrant={[Function]}
    onResponderMove={[Function]}
    onResponderRelease={[Function]}
    onResponderTerminate={[Function]}
    onResponderTerminationRequest={[Function]}
    onStartShouldSetResponder={[Function]}
    style={
      Object {
        "opacity": 1,
      }
    }
  >
    <View
      style={
        Object {
          "alignItems": "center",
          "backgroundColor": "#2d40cc",
          "borderColor": "#2089dc",
          "borderRadius": 0,
          "borderWidth": 0,
          "flexDirection": "row",
          "fontSize": 18,
          "height": 113.39000000000001,
          "justifyContent": "center",
          "padding": 8,
          "paddingHorizontal": 10,
          "width": "100%",
        }
      }
    >
      <Text
        style={
          Object {
            "color": "white",
            "fontSize": 18,
            "paddingVertical": 1,
            "textAlign": "center",
          }
        }
      >
        TestTitle
      </Text>
    </View>
  </View>
</View>
`;
